// Jest Snapshot v1, https://goo.gl/fbAQLP

exports[`Things To Do Component should render the ThingsToDo Component correctly 1`] = `
<div>
  <div>
    <h2>
      Hosted by 
    </h2>
    <p>
      , 
       · Joined in 
       
       
      <br />
      <StarIcon />
       
       Reviews 
      <VerifiedUserIcon />
       
    </p>
    <img />
  </div>
  <p>
     is a Superhost · Superhosts are experienced, highly rated hosts who are committed to providing great stays for guests.
  </p>
  <p>
    <h3>
       Interaction with guests
    </h3>
     
    <br />
    Languages: English 
    <br />
    Response rate: 100% 
    <br />
    Response time: within an hour 
    <br />
    <button>
      Contact host
    </button>
     
    <br />
    <span>
      Always communicate through Airbnb 
    </span>
     · To protect your payment, never transfer money or communicate outside of the Airbnb website or app. 
    <a
      href=""
    >
      Learn more
    </a>
  </p>
</div>
`;
