// Jest Snapshot v1, https://goo.gl/fbAQLP

exports[`Things To Do Component should render the ThingsToDo Component correctly 1`] = `
<div>
  <h2>
    The neighborhood
  </h2>
  <p>
    Bridget's place is located in Reillyfort.
     
    <br />
    Consequatur quo quam eum aut sit voluptas. Recusandae quidem veritatis provident nihil occaecati nihil atque enim laboriosam. Non aut cumque qui sed inventore quo doloremque non veritatis.
 
Et qui aspernatur. Et animi in id soluta dolore officiis. Et autem neque inventore aut sit. Qui voluptatum illo inventore dolor sunt consequuntur. Nulla dolor nesciunt aperiam ullam molestiae illo delectus. Molestias ducimus debitis quasi officia fuga est magni.
 
Id et rerum non ullam rerum non molestiae. Magnam quisquam ipsum ullam quasi. Perspiciatis amet temporibus dolores temporibus sapiente quis dolorum. Alias iusto voluptate quis sunt corporis et odio sit aut. Dolorum aut velit assumenda facere.
    <h3>
      Getting around
    </h3>
    Rental car is advisable.
  </p>
  <iframe
    src="https://www.google.com/maps/embed/v1/place?key=AIzaSyAEL6QJIM_RLvTHPV-dLSlgVRcc8yvjsko
         &q=24601"
  />
  <div>
    Exact location information is provided after a booking is confirmed.
  </div>
  <h2>
    Things to keep in mind
  </h2>
  <div>
    Check-in: 
    10AM - 4PM
     
    <br />
    Checkout: 
    11AM
  </div>
  <div>
    <h3>
      House Rules
    </h3>
    Minus sunt eos incidunt quis sit quo. Amet vel hic odio quae id. Cum aut perspiciatis aut sed voluptas quam laboriosam minima. Suscipit eveniet facilis nihil soluta suscipit. Totam labore architecto at est totam ut. Officia quia soluta praesentium voluptas accusamus id dolores.
 
Qui aut alias vero consequatur distinctio dolorum sit doloribus. Vel voluptate dolores voluptatem dolore consequatur voluptate omnis aut ea. Dolores repellendus nihil in in expedita sed. Magni sed adipisci hic tempore vel molestiae ipsam repudiandae recusandae.
 
Laudantium qui sed aut cupiditate voluptas modi autem. Et eos et. Aut et dignissimos dolorem. Voluptatem aut aut in commodi illum veniam impedit. Aperiam eum et sit. Sequi aut sed est et distinctio in deserunt quasi.
  </div>
</div>
`;
